
R version 3.6.2 (2019-12-12) -- "Dark and Stormy Night"
Copyright (C) 2019 The R Foundation for Statistical Computing
Platform: x86_64-pc-linux-gnu (64-bit)

R is free software and comes with ABSOLUTELY NO WARRANTY.
You are welcome to redistribute it under certain conditions.
Type 'license()' or 'licence()' for distribution details.

  Natural language support but running in an English locale

R is a collaborative project with many contributors.
Type 'contributors()' for more information and
'citation()' on how to cite R or R packages in publications.

Type 'demo()' for some demos, 'help()' for on-line help, or
'help.start()' for an HTML browser interface to help.
Type 'q()' to quit R.

Warning: namespace ‘ggplot2’ is not available and has been replaced
by .GlobalEnv when processing object ‘dot1’
Warning: namespace ‘tm’ is not available and has been replaced
by .GlobalEnv when processing object ‘toSpace’
[Workspace loaded from ~/.RData]

> read.csv("/home/pict/SL-VI/Sl-VI DataSets/BreastCancerWc.csv")
Error in file(file, "rt") : cannot open the connection
In addition: Warning message:
In file(file, "rt") :
  cannot open file '/home/pict/SL-VI/Sl-VI DataSets/BreastCancerWc.csv': No such file or directory
> read.csv("/home/pict/SL-VI/Sl-VI DataSets/BreastCancer/BreastCancerWc.csv")
   X1000025 X5 X1 X1.1 X1.2 X2 X1.3 X3 X1.4 X1.5 X2.1
1   1002945  5  4    4    5  7   10  3    2    1    2
2   1015425  3  1    1    1  2    2  3    1    1    2
3   1016277  6  8    8    1  3    4  3    7    1    2
4   1017023  4  1    1    3  2    1  3    1    1    2
5   1017122  8 10   10    8  7   10  9    7    1    4
6   1018099  1  1    1    1  2   10  3    1    1    2
7   1018561  2  1    2    1  2    1  3    1    1    2
8   1033078  2  1    1    1  2    1  1    1    5    2
9   1033078  4  2    1    1  2    1  2    1    1    2
10  1035283  1  1    1    1  1    1  3    1    1    2
11  1036172  2  1    1    1  2    1  2    1    1    2
12  1041801  5  3    3    3  2    3  4    4    1    4
13  1043999  1  1    1    1  2    3  3    1    1    2
14  1044572  8  7    5   10  7    9  5    5    4    4
15  1047630  7  4    6    4  6    1  4    3    1    4
16  1048672  4  1    1    1  2    1  2    1    1    2
17  1049815  4  1    1    1  2    1  3    1    1    2
18  1050670 10  7    7    6  4   10  4    1    2    4
19  1050718  6  1    1    1  2    1  3    1    1    2
20  1054590  7  3    2   10  5   10  5    4    4    4
21  1054593 10  5    5    3  6    7  7   10    1    4
22  1056784  3  1    1    1  2    1  2    1    1    2
23  1057013  8  4    5    1  2    ?  7    3    1    4
24  1059552  1  1    1    1  2    1  3    1    1    2
25  1065726  5  2    3    4  2    7  3    6    1    4
26  1066373  3  2    1    1  1    1  2    1    1    2
27  1066979  5  1    1    1  2    1  2    1    1    2
28  1067444  2  1    1    1  2    1  2    1    1    2
29  1070935  1  1    3    1  2    1  1    1    1    2
30  1070935  3  1    1    1  1    1  2    1    1    2
31  1071760  2  1    1    1  2    1  3    1    1    2
32  1072179 10  7    7    3  8    5  7    4    3    4
33  1074610  2  1    1    2  2    1  3    1    1    2
34  1075123  3  1    2    1  2    1  2    1    1    2
35  1079304  2  1    1    1  2    1  2    1    1    2
36  1080185 10 10   10    8  6    1  8    9    1    4
37  1081791  6  2    1    1  1    1  7    1    1    2
38  1084584  5  4    4    9  2   10  5    6    1    4
39  1091262  2  5    3    3  6    7  7    5    1    4
40  1096800  6  6    6    9  6    ?  7    8    1    2
41  1099510 10  4    3    1  3    3  6    5    2    4
42  1100524  6 10   10    2  8   10  7    3    3    4
43  1102573  5  6    5    6 10    1  3    1    1    4
44  1103608 10 10   10    4  8    1  8   10    1    4
45  1103722  1  1    1    1  2    1  2    1    2    2
46  1105257  3  7    7    4  4    9  4    8    1    4
47  1105524  1  1    1    1  2    1  2    1    1    2
48  1106095  4  1    1    3  2    1  3    1    1    2
49  1106829  7  8    7    2  4    8  3    8    2    4
50  1108370  9  5    8    1  2    3  2    1    5    4
51  1108449  5  3    3    4  2    4  3    4    1    4
52  1110102 10  3    6    2  3    5  4   10    2    4
53  1110503  5  5    5    8 10    8  7    3    7    4
54  1110524 10  5    5    6  8    8  7    1    1    4
55  1111249 10  6    6    3  4    5  3    6    1    4
56  1112209  8 10   10    1  3    6  3    9    1    4
57  1113038  8  2    4    1  5    1  5    4    4    4
58  1113483  5  2    3    1  6   10  5    1    1    4
59  1113906  9  5    5    2  2    2  5    1    1    4
60  1115282  5  3    5    5  3    3  4   10    1    4
61  1115293  1  1    1    1  2    2  2    1    1    2
62  1116116  9 10   10    1 10    8  3    3    1    4
63  1116132  6  3    4    1  5    2  3    9    1    4
64  1116192  1  1    1    1  2    1  2    1    1    2
65  1116998 10  4    2    1  3    2  4    3   10    4
66  1117152  4  1    1    1  2    1  3    1    1    2
67  1118039  5  3    4    1  8   10  4    9    1    4
68  1120559  8  3    8    3  4    9  8    9    8    4
69  1121732  1  1    1    1  2    1  3    2    1    2
70  1121919  5  1    3    1  2    1  2    1    1    2
71  1123061  6 10    2    8 10    2  7    8   10    4
72  1124651  1  3    3    2  2    1  7    2    1    2
73  1125035  9  4    5   10  6   10  4    8    1    4
74  1126417 10  6    4    1  3    4  3    2    3    4
75  1131294  1  1    2    1  2    2  4    2    1    2
76  1132347  1  1    4    1  2    1  2    1    1    2
77  1133041  5  3    1    2  2    1  2    1    1    2
78  1133136  3  1    1    1  2    3  3    1    1    2
79  1136142  2  1    1    1  3    1  2    1    1    2
80  1137156  2  2    2    1  1    1  7    1    1    2
81  1143978  4  1    1    2  2    1  2    1    1    2
82  1143978  5  2    1    1  2    1  3    1    1    2
83  1147044  3  1    1    1  2    2  7    1    1    2
84  1147699  3  5    7    8  8    9  7   10    7    4
85  1147748  5 10    6    1 10    4  4   10   10    4
86  1148278  3  3    6    4  5    8  4    4    1    4
87  1148873  3  6    6    6  5   10  6    8    3    4
88  1152331  4  1    1    1  2    1  3    1    1    2
89  1155546  2  1    1    2  3    1  2    1    1    2
90  1156272  1  1    1    1  2    1  3    1    1    2
 [ reached 'max' / getOption("max.print") -- omitted 608 rows ]
> df=read.csv("/home/pict/SL-VI/Sl-VI DataSets/BreastCancer/BreastCancerWc.csv")
> View(df)
> df=read.csv("/home/pict/SL-VI/Sl-VI DataSets/BreastCancer/BreastCancerWc.csv",header = FALSE,sep = ',')
> View(df)
> print(nrow(df))
[1] 699
> str(df)
'data.frame':	699 obs. of  11 variables:
 $ V1 : int  1000025 1002945 1015425 1016277 1017023 1017122 1018099 1018561 1033078 1033078 ...
 $ V2 : int  5 5 3 6 4 8 1 2 2 4 ...
 $ V3 : int  1 4 1 8 1 10 1 1 1 2 ...
 $ V4 : int  1 4 1 8 1 10 1 2 1 1 ...
 $ V5 : int  1 5 1 1 3 8 1 1 1 1 ...
 $ V6 : int  2 7 2 3 2 7 2 2 2 2 ...
 $ V7 : Factor w/ 11 levels "?","1","10","2",..: 2 3 4 6 2 3 3 2 2 2 ...
 $ V8 : int  3 3 3 3 3 9 3 3 1 2 ...
 $ V9 : int  1 2 1 7 1 7 1 1 1 1 ...
 $ V10: int  1 1 1 1 1 1 1 1 5 1 ...
 $ V11: int  2 2 2 2 2 4 2 2 2 2 ...

> summary(df)
       V1                 V2               V3               V4               V5               V6        
 Min.   :   61634   Min.   : 1.000   Min.   : 1.000   Min.   : 1.000   Min.   : 1.000   Min.   : 1.000  
 1st Qu.:  870688   1st Qu.: 2.000   1st Qu.: 1.000   1st Qu.: 1.000   1st Qu.: 1.000   1st Qu.: 2.000  
 Median : 1171710   Median : 4.000   Median : 1.000   Median : 1.000   Median : 1.000   Median : 2.000  
 Mean   : 1071704   Mean   : 4.418   Mean   : 3.134   Mean   : 3.207   Mean   : 2.807   Mean   : 3.216  
 3rd Qu.: 1238298   3rd Qu.: 6.000   3rd Qu.: 5.000   3rd Qu.: 5.000   3rd Qu.: 4.000   3rd Qu.: 4.000  
 Max.   :13454352   Max.   :10.000   Max.   :10.000   Max.   :10.000   Max.   :10.000   Max.   :10.000  
                                                                                                        
       V7            V8               V9              V10              V11      
 1      :402   Min.   : 1.000   Min.   : 1.000   Min.   : 1.000   Min.   :2.00  
 10     :132   1st Qu.: 2.000   1st Qu.: 1.000   1st Qu.: 1.000   1st Qu.:2.00  
 2      : 30   Median : 3.000   Median : 1.000   Median : 1.000   Median :2.00  
 5      : 30   Mean   : 3.438   Mean   : 2.867   Mean   : 1.589   Mean   :2.69  
 3      : 28   3rd Qu.: 5.000   3rd Qu.: 4.000   3rd Qu.: 1.000   3rd Qu.:4.00  
 8      : 21   Max.   :10.000   Max.   :10.000   Max.   :10.000   Max.   :4.00  
 (Other): 56                                                                    
> 
